[backblue.gif]
[fade.gif]
[index.html]
[jthemes.org/html/harmony-event/assets/images/favicon.png]
[jthemes.org/html/harmony-event/assets/css/bootstrap.min.css]
[jthemes.org/html/harmony-event/assets/css/fontawesome-all.css]
[jthemes.org/html/harmony-event/assets/css/flaticon.css]
[jthemes.org/html/harmony-event/assets/css/slick.css]
[jthemes.org/html/harmony-event/assets/css/slick-theme.css]
[jthemes.org/html/harmony-event/assets/css/animate.css]
[jthemes.org/html/harmony-event/assets/css/owl.carousel.min.css]
[jthemes.org/html/harmony-event/assets/css/owl.theme.default.min.css]
[jthemes.org/html/harmony-event/assets/css/magnific-popup.css]
[jthemes.org/html/harmony-event/assets/css/jquery.mCustomScrollbar.min.css]
[jthemes.org/html/harmony-event/assets/css/calendar.css]
[jthemes.org/html/harmony-event/assets/css/colors/style-switcher.css]
[jthemes.org/html/harmony-event/assets/css/colors/default.css]
[jthemes.org/html/harmony-event/assets/css/style.css]
[jthemes.org/html/harmony-event/assets/images/login-modal-bg.jpg]
[jthemes.org/html/harmony-event/assets/images/2.site-logo.png]
[jthemes.org/html/harmony-event/assets/images/iamnotrobot.png]
[jthemes.org/html/harmony-event/assets/images/0.site-logo.png]
[jthemes.org/html/harmony-event/assets/images/1.site-logo.png]
[jthemes.org/html/harmony-event/assets/images/breadcrumb/0.breadcrumb-bg.jpg]
[jthemes.org/html/harmony-event/assets/images/special-offer-bg.png]
[jthemes.org/html/harmony-event/assets/images/spacial-event-bg.jpg]
[jthemes.org/html/harmony-event/assets/images/event/event-1.jpg]
[jthemes.org/html/harmony-event/assets/images/event/event-2.jpg]
[jthemes.org/html/harmony-event/assets/images/event/event-3.jpg]
[jthemes.org/html/harmony-event/assets/images/event/event-4.jpg]
[jthemes.org/html/harmony-event/assets/images/event/event-5.jpg]
[jthemes.org/html/harmony-event/assets/images/event/1.event-grid.jpg]
[jthemes.org/html/harmony-event/assets/images/event/2.event-grid.jpg]
[jthemes.org/html/harmony-event/assets/images/footer/instagram/img1.png]
[jthemes.org/html/harmony-event/assets/images/footer/instagram/img2.png]
[jthemes.org/html/harmony-event/assets/images/footer/instagram/img3.png]
[jthemes.org/html/harmony-event/assets/images/footer/instagram/img4.png]
[jthemes.org/html/harmony-event/assets/js/jquery-3.3.1.min.js]
[jthemes.org/html/harmony-event/assets/js/popper.min.js]
[jthemes.org/html/harmony-event/assets/js/bootstrap.min.js]
[jthemes.org/html/harmony-event/assets/js/slick.min.js]
[jthemes.org/html/harmony-event/assets/js/owl.carousel.min.js]
[jthemes.org/html/harmony-event/assets/js/gmap3.min.js]
[jthemes.org/html/harmony-event/assets/js/atc.min.js]
[jthemes.org/html/harmony-event/assets/js/jquery.magnific-popup.min.js]
[jthemes.org/html/harmony-event/assets/js/isotope.pkgd.min.js]
[jthemes.org/html/harmony-event/assets/js/jarallax.min.js]
[jthemes.org/html/harmony-event/assets/js/jquery.mCustomScrollbar.concat.min.js]
[jthemes.org/html/harmony-event/assets/js/imagesloaded.pkgd.min.js]
[jthemes.org/html/harmony-event/assets/js/jquery.countdown.js]
[jthemes.org/html/harmony-event/assets/js/style-switcher.js]
[jthemes.org/html/harmony-event/event-2.html]
[jthemes.org/html/harmony-event/assets/js/custom.js]
[jthemes.org/html/harmony-event/assets/css/bootstrap.min.css]
[jthemes.org/html/harmony-event/assets/fonts/fa-brands-400.eot]
[jthemes.org/html/harmony-event/assets/fonts/fa-brands-400.woff]
[jthemes.org/html/harmony-event/assets/fonts/fa-brands-400d41d.eot]
[jthemes.org/html/harmony-event/assets/fonts/fa-brands-400.ttf]
[jthemes.org/html/harmony-event/assets/fonts/fa-regular-400.eot]
[jthemes.org/html/harmony-event/assets/fonts/fa-regular-400d41d.eot]
[jthemes.org/html/harmony-event/assets/fonts/fa-regular-400.woff]
[jthemes.org/html/harmony-event/assets/fonts/fa-regular-400.ttf]
[jthemes.org/html/harmony-event/assets/fonts/fa-solid-900.woff]
[jthemes.org/html/harmony-event/assets/fonts/fa-solid-900.ttf]
[jthemes.org/html/harmony-event/assets/fonts/fa-solid-900.eot]
[jthemes.org/html/harmony-event/assets/css/fontawesome-all.css]
[jthemes.org/html/harmony-event/assets/fonts/Flaticon.eot]
[jthemes.org/html/harmony-event/assets/fonts/Flaticond41d.eot]
[jthemes.org/html/harmony-event/assets/fonts/Flaticon.woff]
[jthemes.org/html/harmony-event/assets/fonts/Flaticon.ttf]
[jthemes.org/html/harmony-event/assets/css/flaticon.css]
[jthemes.org/html/harmony-event/assets/css/slick.css]
[jthemes.org/html/harmony-event/assets/images/ajax-loader.gif]
[jthemes.org/html/harmony-event/assets/fonts/slick.eot]
[jthemes.org/html/harmony-event/assets/fonts/fa-solid-900d41d.eot]
[jthemes.org/html/harmony-event/assets/fonts/slickd41d.eot]
[jthemes.org/html/harmony-event/assets/fonts/slick.woff]
[jthemes.org/html/harmony-event/assets/fonts/slick.ttf]
[jthemes.org/html/harmony-event/assets/css/slick-theme.css]
[jthemes.org/html/harmony-event/assets/css/animate.css]
[jthemes.org/html/harmony-event/assets/css/owl.carousel.min.css]
[jthemes.org/html/harmony-event/assets/css/owl.theme.default.min.css]
[jthemes.org/html/harmony-event/assets/css/magnific-popup.css]
[jthemes.org/html/harmony-event/assets/css/jquery.mCustomScrollbar.min.css]
[jthemes.org/html/harmony-event/assets/css/calendar.css]
[jthemes.org/html/harmony-event/assets/css/colors/style-switcher.css]
[jthemes.org/html/harmony-event/assets/css/colors/default.css]
[jthemes.org/html/harmony-event/assets/images/down-arrow.png]
[jthemes.org/html/harmony-event/assets/images/preloader.gif]
[jthemes.org/html/harmony-event/assets/images/1.down-arrow.png]
[jthemes.org/html/harmony-event/assets/images/2.down-arrow.png]
[jthemes.org/html/harmony-event/assets/css/style.css]
[jthemes.org/html/harmony-event/assets/images/3.down-arrow.png]
[jthemes.org/html/harmony-event/assets/images/slider/slider-bg1.jpg]
[jthemes.org/html/harmony-event/assets/images/slider/slider-bg2.jpg]
[jthemes.org/html/harmony-event/assets/images/slider/slider-bg3.jpg]
[jthemes.org/html/harmony-event/assets/images/upcomming-events/event-1.jpg]
[jthemes.org/html/harmony-event/assets/images/upcomming-events/event-2.jpg]
[jthemes.org/html/harmony-event/assets/images/upcomming-events/event-3.jpg]
[jthemes.org/html/harmony-event/assets/images/conference/pexels-photo-262669.jpg]
[jthemes.org/html/harmony-event/assets/images/conference/RCJAKPP_00016_coddddnversion.jpg]
[jthemes.org/html/harmony-event/assets/images/conference/fresh-conference-room-microphones-decoration-ideas-collection-gallery-to-conference-room-microphones-home-ideas.jpg]
[jthemes.org/html/harmony-event/assets/images/conference/RCTORON_00047ss.jpg]
[jthemes.org/html/harmony-event/assets/images/conference/clayton-hotel-leopardstown-meeting-room-1.jpg]
[jthemes.org/html/harmony-event/assets/images/conference/conference-room-with-projection-facilities-3d-model-max.jpg]
[jthemes.org/html/harmony-event/assets/images/conference/midlands-park-hotel-meeting-rooms.jpg]
[jthemes.org/html/harmony-event/assets/images/event/event-6.jpg]
[jthemes.org/html/harmony-event/assets/images/gallery/1.image.jpg]
[jthemes.org/html/harmony-event/assets/images/gallery/2.image.jpg]
[jthemes.org/html/harmony-event/assets/images/gallery/3.image.jpg]
[jthemes.org/html/harmony-event/assets/images/gallery/4.image.jpg]
[jthemes.org/html/harmony-event/assets/images/gallery/5.image.jpg]
[jthemes.org/html/harmony-event/assets/images/gallery/6.image.jpg]
[jthemes.org/html/harmony-event/assets/images/gallery/7.image.jpg]
[jthemes.org/html/harmony-event/assets/images/gallery/8.image.jpg]
[jthemes.org/html/harmony-event/assets/images/experties/img1.jpg]
[jthemes.org/html/harmony-event/assets/images/experties/img2.jpg]
[jthemes.org/html/harmony-event/assets/images/experties/img3.jpg]
[jthemes.org/html/harmony-event/assets/images/speaker/Black-White-Dubai-Wallpaper.jpg]
[jthemes.org/html/harmony-event/assets/images/speaker/speakes1.png]
[jthemes.org/html/harmony-event/assets/images/speaker/speakes-thumbnail.png]
[jthemes.org/html/harmony-event/assets/images/partners/image1.png]
[jthemes.org/html/harmony-event/assets/images/1.testimonial-bg.jpg]
[jthemes.org/html/harmony-event/assets/images/blog/1.latest-blog.jpg]
[jthemes.org/html/harmony-event/assets/images/footer/instagram/img5.png]
[jthemes.org/html/harmony-event/index-1.html]
[jthemes.org/html/harmony-event/assets/images/footer/instagram/img6.png]
[jthemes.org/html/harmony-event/assets/images/slider/slider-bg4.jpg]
[jthemes.org/html/harmony-event/assets/images/slider/slider-bg5.jpg]
[jthemes.org/html/harmony-event/assets/images/slider/slider-bg6.jpg]
[jthemes.org/html/harmony-event/assets/images/event/2.jpg]
[jthemes.org/html/harmony-event/assets/images/testimonial-bg.jpg]
[jthemes.org/html/harmony-event/assets/images/event/3.event-grid.jpg]
[jthemes.org/html/harmony-event/assets/images/event/4.event-grid.jpg]
[jthemes.org/html/harmony-event/assets/images/event/5.event-grid.jpg]
[jthemes.org/html/harmony-event/assets/images/event/6.event-grid.jpg]
[jthemes.org/html/harmony-event/assets/images/event/7.event-grid.jpg]
[jthemes.org/html/harmony-event/assets/images/event/8.event-grid.jpg]
[jthemes.org/html/harmony-event/assets/images/partners/image2.png]
[jthemes.org/html/harmony-event/assets/images/partners/image4.png]
[jthemes.org/html/harmony-event/index-2.html]
[jthemes.org/html/harmony-event/assets/images/partners/image6.png]
[jthemes.org/html/harmony-event/assets/images/slider/slider-bg7.jpg]
[jthemes.org/html/harmony-event/assets/images/slider/slider-bg8.jpg]
[jthemes.org/html/harmony-event/assets/images/slider/slider-bg9.jpg]
[jthemes.org/html/harmony-event/assets/images/event/1.upcoming-big.jpg]
[jthemes.org/html/harmony-event/assets/images/event/1.1.upcoming-small.jpg]
[jthemes.org/html/harmony-event/index-3.html]
[jthemes.org/html/harmony-event/assets/images/slider/slider-bg10.jpg]
[jthemes.org/html/harmony-event/assets/images/slider/slider-bg11.jpg]
[jthemes.org/html/harmony-event/assets/images/slider/slider-bg12.jpg]
[jthemes.org/html/harmony-event/assets/images/awesome-event/pexels-photo-518389.jpg]
[jthemes.org/html/harmony-event/assets/images/awesome-event/4.jpg]
[jthemes.org/html/harmony-event/assets/images/awesome-event/5.jpg]
[jthemes.org/html/harmony-event/assets/images/faq-sec-bg.jpg]
[jthemes.org/html/harmony-event/index-4.html]
[jthemes.org/html/harmony-event/assets/images/about/company-age-bg.jpg]
[jthemes.org/html/harmony-event/assets/images/about/company-banner.png]
[jthemes.org/html/harmony-event/about.html]
[jthemes.org/html/harmony-event/assets/images/service/1.image.png]
[jthemes.org/html/harmony-event/assets/images/service/1.1.image.png]
[jthemes.org/html/harmony-event/assets/images/service/2.image.png]
[jthemes.org/html/harmony-event/assets/images/service/3.image.png]
[jthemes.org/html/harmony-event/assets/images/service/4.image.png]
[jthemes.org/html/harmony-event/service.html]
[jthemes.org/html/harmony-event/faq.html]
[jthemes.org/html/harmony-event/event-1.html]
[jthemes.org/html/harmony-event/event-1-without-sidebar.html]
[jthemes.org/html/harmony-event/event-2-without-sidebar.html]
[jthemes.org/html/harmony-event/assets/images/event/event-details-2.jpg]
[jthemes.org/html/harmony-event/assets/images/event/event-details-3.jpg]
[jthemes.org/html/harmony-event/assets/images/event/1.hall.png]
[jthemes.org/html/harmony-event/assets/images/event/2.hall.png]
[jthemes.org/html/harmony-event/assets/images/payment-cards.png]
[jthemes.org/html/harmony-event/event-details.html]
[jthemes.org/html/harmony-event/booking.html]
[jthemes.org/html/harmony-event/assets/images/admin.png]
[jthemes.org/html/harmony-event/assets/images/blog/musical-event1.jpg]
[jthemes.org/html/harmony-event/assets/images/blog/confarence-event2.jpg]
[jthemes.org/html/harmony-event/assets/images/blog/confarence-event1.jpg]
[jthemes.org/html/harmony-event/assets/images/blog/big-ebent1.jpg]
[jthemes.org/html/harmony-event/assets/images/blog/big-ebent2.jpg]
[jthemes.org/html/harmony-event/blog.html]
[jthemes.org/html/harmony-event/blog-details.html]
[jthemes.org/html/harmony-event/gallery.html]
[jthemes.org/html/harmony-event/speaker.html]
[jthemes.org/html/harmony-event/contact.html]
[jthemes.org/html/harmony-event/404-error.html]
[jthemes.org/html/harmony-event/assets/fonts/fa-brands-400.html]
[jthemes.org/html/harmony-event/assets/fonts/fa-brands-400.svg]
[jthemes.org/html/harmony-event/assets/fonts/fa-regular-400.html]
[jthemes.org/html/harmony-event/assets/fonts/fa-regular-400.svg]
[jthemes.org/html/harmony-event/assets/fonts/fa-solid-900.html]
[jthemes.org/html/harmony-event/assets/fonts/fa-solid-900.svg]
[jthemes.org/html/harmony-event/assets/fonts/Flaticon.svg]
[jthemes.org/html/harmony-event/assets/fonts/slick.svg]
[jthemes.org/html/harmony-event/assets/css/owl.video.play.html]
[jthemes.org/html/harmony-event/assets/css/mCSB_buttons.html]
[jthemes.org/html/harmony-event/assets/fonts/icon-calendar-t1.svg]
[jthemes.org/html/harmony-event/assets/fonts/icon-apple-t1.svg]
[jthemes.org/html/harmony-event/assets/fonts/icon-google-t1.svg]
[jthemes.org/html/harmony-event/assets/fonts/icon-outlook-t1.svg]
[jthemes.org/html/harmony-event/assets/fonts/icon-yahoo-t1.svg]
[jthemes.org/html/harmony-event/assets/fonts/icon-facebook-t1.svg]
[jthemes.org/html/harmony-event/assets/images/service/2.2.image.png]
[jthemes.org/html/harmony-event/assets/images/service/3.3.image.png]
[jthemes.org/html/harmony-event/assets/images/service/4.4.image.png]
[jthemes.org/html/harmony-event/assets/images/event/event-details-1.jpg]
